// Jest Snapshot v1, https://goo.gl/fbAQLP

exports[` Pruebas en primera App  Debe de mostrar <primeraApp/> correctamente 1`] = `
<Fragment>
  <h1>
    Hola, soy lele
  </h1>
  <p>
    Soy un subtitulo
  </p>
</Fragment>
`;
