// Jest Snapshot v1, https://goo.gl/fbAQLP

exports[`Pruebas en HookApp Debe mostarse correctamente 1`] = `
<div>
  <h1>
     Hola mundo 
  </h1>
</div>
`;
